Archive member included to satisfy reference by file (symbol)

d:/st/stm32cubeide_1.2.0/stm32cubeide/plugins/com.st.stm32cube.ide.mcu.externaltools.gnu-tools-for-stm32.7-2018-q2-update.win32_1.5.0.202011040924/tools/bin/../lib/gcc/arm-none-eabi/7.3.1/../../../../arm-none-eabi/lib/thumb/v7e-m/fpv5/hard\libc_nano.a(lib_a-errno.o)
                              Core/Src/syscalls.o (__errno)
d:/st/stm32cubeide_1.2.0/stm32cubeide/plugins/com.st.stm32cube.ide.mcu.externaltools.gnu-tools-for-stm32.7-2018-q2-update.win32_1.5.0.202011040924/tools/bin/../lib/gcc/arm-none-eabi/7.3.1/../../../../arm-none-eabi/lib/thumb/v7e-m/fpv5/hard\libc_nano.a(lib_a-exit.o)
                              d:/st/stm32cubeide_1.2.0/stm32cubeide/plugins/com.st.stm32cube.ide.mcu.externaltools.gnu-tools-for-stm32.7-2018-q2-update.win32_1.5.0.202011040924/tools/bin/../lib/gcc/arm-none-eabi/7.3.1/../../../../arm-none-eabi/lib/thumb/v7e-m/fpv5/hard/crt0.o (exit)
d:/st/stm32cubeide_1.2.0/stm32cubeide/plugins/com.st.stm32cube.ide.mcu.externaltools.gnu-tools-for-stm32.7-2018-q2-update.win32_1.5.0.202011040924/tools/bin/../lib/gcc/arm-none-eabi/7.3.1/../../../../arm-none-eabi/lib/thumb/v7e-m/fpv5/hard\libc_nano.a(lib_a-impure.o)
                              d:/st/stm32cubeide_1.2.0/stm32cubeide/plugins/com.st.stm32cube.ide.mcu.externaltools.gnu-tools-for-stm32.7-2018-q2-update.win32_1.5.0.202011040924/tools/bin/../lib/gcc/arm-none-eabi/7.3.1/../../../../arm-none-eabi/lib/thumb/v7e-m/fpv5/hard\libc_nano.a(lib_a-exit.o) (_global_impure_ptr)
d:/st/stm32cubeide_1.2.0/stm32cubeide/plugins/com.st.stm32cube.ide.mcu.externaltools.gnu-tools-for-stm32.7-2018-q2-update.win32_1.5.0.202011040924/tools/bin/../lib/gcc/arm-none-eabi/7.3.1/../../../../arm-none-eabi/lib/thumb/v7e-m/fpv5/hard\libc_nano.a(lib_a-init.o)
                              d:/st/stm32cubeide_1.2.0/stm32cubeide/plugins/com.st.stm32cube.ide.mcu.externaltools.gnu-tools-for-stm32.7-2018-q2-update.win32_1.5.0.202011040924/tools/bin/../lib/gcc/arm-none-eabi/7.3.1/../../../../arm-none-eabi/lib/thumb/v7e-m/fpv5/hard/crt0.o (__libc_init_array)
d:/st/stm32cubeide_1.2.0/stm32cubeide/plugins/com.st.stm32cube.ide.mcu.externaltools.gnu-tools-for-stm32.7-2018-q2-update.win32_1.5.0.202011040924/tools/bin/../lib/gcc/arm-none-eabi/7.3.1/../../../../arm-none-eabi/lib/thumb/v7e-m/fpv5/hard\libc_nano.a(lib_a-memset.o)
                              d:/st/stm32cubeide_1.2.0/stm32cubeide/plugins/com.st.stm32cube.ide.mcu.externaltools.gnu-tools-for-stm32.7-2018-q2-update.win32_1.5.0.202011040924/tools/bin/../lib/gcc/arm-none-eabi/7.3.1/../../../../arm-none-eabi/lib/thumb/v7e-m/fpv5/hard/crt0.o (memset)
d:/st/stm32cubeide_1.2.0/stm32cubeide/plugins/com.st.stm32cube.ide.mcu.externaltools.gnu-tools-for-stm32.7-2018-q2-update.win32_1.5.0.202011040924/tools/bin/../lib/gcc/arm-none-eabi/7.3.1/thumb/v7e-m/fpv5/hard\libgcc.a(_aeabi_uldivmod.o)
                              Drivers/STM32F7xx_HAL_Driver/Src/stm32f7xx_hal_rcc.o (__aeabi_uldivmod)
d:/st/stm32cubeide_1.2.0/stm32cubeide/plugins/com.st.stm32cube.ide.mcu.externaltools.gnu-tools-for-stm32.7-2018-q2-update.win32_1.5.0.202011040924/tools/bin/../lib/gcc/arm-none-eabi/7.3.1/thumb/v7e-m/fpv5/hard\libgcc.a(_udivmoddi4.o)
                              d:/st/stm32cubeide_1.2.0/stm32cubeide/plugins/com.st.stm32cube.ide.mcu.externaltools.gnu-tools-for-stm32.7-2018-q2-update.win32_1.5.0.202011040924/tools/bin/../lib/gcc/arm-none-eabi/7.3.1/thumb/v7e-m/fpv5/hard\libgcc.a(_aeabi_uldivmod.o) (__udivmoddi4)
d:/st/stm32cubeide_1.2.0/stm32cubeide/plugins/com.st.stm32cube.ide.mcu.externaltools.gnu-tools-for-stm32.7-2018-q2-update.win32_1.5.0.202011040924/tools/bin/../lib/gcc/arm-none-eabi/7.3.1/thumb/v7e-m/fpv5/hard\libgcc.a(_dvmd_tls.o)
                              d:/st/stm32cubeide_1.2.0/stm32cubeide/plugins/com.st.stm32cube.ide.mcu.externaltools.gnu-tools-for-stm32.7-2018-q2-update.win32_1.5.0.202011040924/tools/bin/../lib/gcc/arm-none-eabi/7.3.1/thumb/v7e-m/fpv5/hard\libgcc.a(_aeabi_uldivmod.o) (__aeabi_ldiv0)

Allocating common symbols
Common symbol       size              file

htim4               0x40              Core/Src/main.o
uwTick              0x4               Drivers/STM32F7xx_HAL_Driver/Src/stm32f7xx_hal.o
pFlash              0x1c              Drivers/STM32F7xx_HAL_Driver/Src/stm32f7xx_hal_flash.o
htim3               0x40              Core/Src/main.o

Discarded input sections

 .text          0x0000000000000000        0x0 d:/st/stm32cubeide_1.2.0/stm32cubeide/plugins/com.st.stm32cube.ide.mcu.externaltools.gnu-tools-for-stm32.7-2018-q2-update.win32_1.5.0.202011040924/tools/bin/../lib/gcc/arm-none-eabi/7.3.1/thumb/v7e-m/fpv5/hard/crti.o
 .data          0x0000000000000000        0x0 d:/st/stm32cubeide_1.2.0/stm32cubeide/plugins/com.st.stm32cube.ide.mcu.externaltools.gnu-tools-for-stm32.7-2018-q2-update.win32_1.5.0.202011040924/tools/bin/../lib/gcc/arm-none-eabi/7.3.1/thumb/v7e-m/fpv5/hard/crti.o
[...]
Memory Configuration

Name             Origin             Length             Attributes
RAM              0x0000000020000000 0x0000000000080000 xrw
FLASH            0x0000000008000000 0x0000000000200000 xr
*default*        0x0000000000000000 0xffffffffffffffff

Linker script and memory map

LOAD d:/st/stm32cubeide_1.2.0/stm32cubeide/plugins/com.st.stm32cube.ide.mcu.externaltools.gnu-tools-for-stm32.7-2018-q2-update.win32_1.5.0.202011040924/tools/bin/../lib/gcc/arm-none-eabi/7.3.1/thumb/v7e-m/fpv5/hard/crti.o
LOAD d:/st/stm32cubeide_1.2.0/stm32cubeide/plugins/com.st.stm32cube.ide.mcu.externaltools.gnu-tools-for-stm32.7-2018-q2-update.win32_1.5.0.202011040924/tools/bin/../lib/gcc/arm-none-eabi/7.3.1/thumb/v7e-m/fpv5/hard/crtbegin.o
LOAD d:/st/stm32cubeide_1.2.0/stm32cubeide/plugins/com.st.stm32cube.ide.mcu.externaltools.gnu-tools-for-stm32.7-2018-q2-update.win32_1.5.0.202011040924/tools/bin/../lib/gcc/arm-none-eabi/7.3.1/../../../../arm-none-eabi/lib/thumb/v7e-m/fpv5/hard/crt0.o
LOAD Core/Src/main.o
LOAD Core/Src/stm32f7xx_hal_msp.o
LOAD Core/Src/stm32f7xx_it.o
LOAD Core/Src/syscalls.o
LOAD Core/Src/sysmem.o
LOAD Core/Src/system_stm32f7xx.o
LOAD Core/Startup/startup_stm32f767zitx.o
LOAD Drivers/STM32F7xx_HAL_Driver/Src/stm32f7xx_hal.o
LOAD Drivers/STM32F7xx_HAL_Driver/Src/stm32f7xx_hal_cortex.o
LOAD Drivers/STM32F7xx_HAL_Driver/Src/stm32f7xx_hal_dma.o
LOAD Drivers/STM32F7xx_HAL_Driver/Src/stm32f7xx_hal_dma_ex.o
LOAD Drivers/STM32F7xx_HAL_Driver/Src/stm32f7xx_hal_exti.o
LOAD Drivers/STM32F7xx_HAL_Driver/Src/stm32f7xx_hal_flash.o
LOAD Drivers/STM32F7xx_HAL_Driver/Src/stm32f7xx_hal_flash_ex.o
LOAD Drivers/STM32F7xx_HAL_Driver/Src/stm32f7xx_hal_gpio.o
LOAD Drivers/STM32F7xx_HAL_Driver/Src/stm32f7xx_hal_i2c.o
LOAD Drivers/STM32F7xx_HAL_Driver/Src/stm32f7xx_hal_i2c_ex.o
LOAD Drivers/STM32F7xx_HAL_Driver/Src/stm32f7xx_hal_pwr.o
LOAD Drivers/STM32F7xx_HAL_Driver/Src/stm32f7xx_hal_pwr_ex.o
LOAD Drivers/STM32F7xx_HAL_Driver/Src/stm32f7xx_hal_rcc.o
LOAD Drivers/STM32F7xx_HAL_Driver/Src/stm32f7xx_hal_rcc_ex.o
LOAD Drivers/STM32F7xx_HAL_Driver/Src/stm32f7xx_hal_tim.o
LOAD Drivers/STM32F7xx_HAL_Driver/Src/stm32f7xx_hal_tim_ex.o
START GROUP
LOAD d:/st/stm32cubeide_1.2.0/stm32cubeide/plugins/com.st.stm32cube.ide.mcu.externaltools.gnu-tools-for-stm32.7-2018-q2-update.win32_1.5.0.202011040924/tools/bin/../lib/gcc/arm-none-eabi/7.3.1/../../../../arm-none-eabi/lib/thumb/v7e-m/fpv5/hard\libc_nano.a
LOAD d:/st/stm32cubeide_1.2.0/stm32cubeide/plugins/com.st.stm32cube.ide.mcu.externaltools.gnu-tools-for-stm32.7-2018-q2-update.win32_1.5.0.202011040924/tools/bin/../lib/gcc/arm-none-eabi/7.3.1/../../../../arm-none-eabi/lib/thumb/v7e-m/fpv5/hard\libm.a
END GROUP
START GROUP
LOAD d:/st/stm32cubeide_1.2.0/stm32cubeide/plugins/com.st.stm32cube.ide.mcu.externaltools.gnu-tools-for-stm32.7-2018-q2-update.win32_1.5.0.202011040924/tools/bin/../lib/gcc/arm-none-eabi/7.3.1/thumb/v7e-m/fpv5/hard\libgcc.a
LOAD d:/st/stm32cubeide_1.2.0/stm32cubeide/plugins/com.st.stm32cube.ide.mcu.externaltools.gnu-tools-for-stm32.7-2018-q2-update.win32_1.5.0.202011040924/tools/bin/../lib/gcc/arm-none-eabi/7.3.1/../../../../arm-none-eabi/lib/thumb/v7e-m/fpv5/hard\libc_nano.a
END GROUP
START GROUP
LOAD d:/st/stm32cubeide_1.2.0/stm32cubeide/plugins/com.st.stm32cube.ide.mcu.externaltools.gnu-tools-for-stm32.7-2018-q2-update.win32_1.5.0.202011040924/tools/bin/../lib/gcc/arm-none-eabi/7.3.1/thumb/v7e-m/fpv5/hard\libgcc.a
LOAD d:/st/stm32cubeide_1.2.0/stm32cubeide/plugins/com.st.stm32cube.ide.mcu.externaltools.gnu-tools-for-stm32.7-2018-q2-update.win32_1.5.0.202011040924/tools/bin/../lib/gcc/arm-none-eabi/7.3.1/../../../../arm-none-eabi/lib/thumb/v7e-m/fpv5/hard\libc_nano.a
LOAD d:/st/stm32cubeide_1.2.0/stm32cubeide/plugins/com.st.stm32cube.ide.mcu.externaltools.gnu-tools-for-stm32.7-2018-q2-update.win32_1.5.0.202011040924/tools/bin/../lib/gcc/arm-none-eabi/7.3.1/../../../../arm-none-eabi/lib/thumb/v7e-m/fpv5/hard\libnosys.a
END GROUP
START GROUP
LOAD d:/st/stm32cubeide_1.2.0/stm32cubeide/plugins/com.st.stm32cube.ide.mcu.externaltools.gnu-tools-for-stm32.7-2018-q2-update.win32_1.5.0.202011040924/tools/bin/../lib/gcc/arm-none-eabi/7.3.1/thumb/v7e-m/fpv5/hard\libgcc.a
LOAD d:/st/stm32cubeide_1.2.0/stm32cubeide/plugins/com.st.stm32cube.ide.mcu.externaltools.gnu-tools-for-stm32.7-2018-q2-update.win32_1.5.0.202011040924/tools/bin/../lib/gcc/arm-none-eabi/7.3.1/../../../../arm-none-eabi/lib/thumb/v7e-m/fpv5/hard\libc_nano.a
LOAD d:/st/stm32cubeide_1.2.0/stm32cubeide/plugins/com.st.stm32cube.ide.mcu.externaltools.gnu-tools-for-stm32.7-2018-q2-update.win32_1.5.0.202011040924/tools/bin/../lib/gcc/arm-none-eabi/7.3.1/../../../../arm-none-eabi/lib/thumb/v7e-m/fpv5/hard\libnosys.a
END GROUP
LOAD d:/st/stm32cubeide_1.2.0/stm32cubeide/plugins/com.st.stm32cube.ide.mcu.externaltools.gnu-tools-for-stm32.7-2018-q2-update.win32_1.5.0.202011040924/tools/bin/../lib/gcc/arm-none-eabi/7.3.1/thumb/v7e-m/fpv5/hard/crtend.o
LOAD d:/st/stm32cubeide_1.2.0/stm32cubeide/plugins/com.st.stm32cube.ide.mcu.externaltools.gnu-tools-for-stm32.7-2018-q2-update.win32_1.5.0.202011040924/tools/bin/../lib/gcc/arm-none-eabi/7.3.1/thumb/v7e-m/fpv5/hard/crtn.o
                0x0000000020080000                _estack = (ORIGIN (RAM) + LENGTH (RAM))
                0x0000000000000200                _Min_Heap_Size = 0x200
                0x0000000000000400                _Min_Stack_Size = 0x400

.isr_vector     0x0000000008000000      0x1f8
                0x0000000008000000                . = ALIGN (0x4)
 *(.isr_vector)
 .isr_vector    0x0000000008000000      0x1f8 Core/Startup/startup_stm32f767zitx.o
                0x0000000008000000                g_pfnVectors
                0x00000000080001f8                . = ALIGN (0x4)

.text           0x00000000080001f8     0x2670
                0x00000000080001f8                . = ALIGN (0x4)
 *(.text)
 .text          0x00000000080001f8       0x40 d:/st/stm32cubeide_1.2.0/stm32cubeide/plugins/com.st.stm32cube.ide.mcu.externaltools.gnu-tools-for-stm32.7-2018-q2-update.win32_1.5.0.202011040924/tools/bin/../lib/gcc/arm-none-eabi/7.3.1/thumb/v7e-m/fpv5/hard/crtbegin.o
 .text          0x0000000008000238       0x30 d:/st/stm32cubeide_1.2.0/stm32cubeide/plugins/com.st.stm32cube.ide.mcu.externaltools.gnu-tools-for-stm32.7-2018-q2-update.win32_1.5.0.202011040924/tools/bin/../lib/gcc/arm-none-eabi/7.3.1/thumb/v7e-m/fpv5/hard\libgcc.a(_aeabi_uldivmod.o)
                0x0000000008000238                __aeabi_uldivmod
 .text          0x0000000008000268      0x2cc d:/st/stm32cubeide_1.2.0/stm32cubeide/plugins/com.st.stm32cube.ide.mcu.externaltools.gnu-tools-for-stm32.7-2018-q2-update.win32_1.5.0.202011040924/tools/bin/../lib/gcc/arm-none-eabi/7.3.1/thumb/v7e-m/fpv5/hard\libgcc.a(_udivmoddi4.o)
                0x0000000008000268                __udivmoddi4
 .text          0x0000000008000534        0x4 d:/st/stm32cubeide_1.2.0/stm32cubeide/plugins/com.st.stm32cube.ide.mcu.externaltools.gnu-tools-for-stm32.7-2018-q2-update.win32_1.5.0.202011040924/tools/bin/../lib/gcc/arm-none-eabi/7.3.1/thumb/v7e-m/fpv5/hard\libgcc.a(_dvmd_tls.o)
                0x0000000008000534                __aeabi_idiv0
                0x0000000008000534                __aeabi_ldiv0
 *(.text*)
 .text.main     0x0000000008000538       0x6c Core/Src/main.o
                0x0000000008000538                main
 .text.SystemClock_Config
                0x00000000080005a4       0xcc Core/Src/main.o
                0x00000000080005a4                SystemClock_Config
 .text.MX_TIM3_Init
                0x0000000008000670       0xec Core/Src/main.o
 .text.MX_TIM4_Init
                0x000000000800075c       0xec Core/Src/main.o
 .text.MX_GPIO_Init
                0x0000000008000848       0x9c Core/Src/main.o
 .text.HAL_GPIO_EXTI_Callback
                0x00000000080008e4       0x48 Core/Src/main.o
                0x00000000080008e4                HAL_GPIO_EXTI_Callback
 .text.Error_Handler
                0x000000000800092c        0xe Core/Src/main.o
                0x000000000800092c                Error_Handler
 *fill*         0x000000000800093a        0x2 
 .text.HAL_MspInit
                0x000000000800093c       0x48 Core/Src/stm32f7xx_hal_msp.o
                0x000000000800093c                HAL_MspInit
 .text.HAL_TIM_Base_MspInit
                0x0000000008000984       0x68 Core/Src/stm32f7xx_hal_msp.o
                0x0000000008000984                HAL_TIM_Base_MspInit
 .text.HAL_TIM_MspPostInit
                0x00000000080009ec       0xb8 Core/Src/stm32f7xx_hal_msp.o
                0x00000000080009ec                HAL_TIM_MspPostInit
 .text.NMI_Handler
                0x0000000008000aa4        0xe Core/Src/stm32f7xx_it.o
                0x0000000008000aa4                NMI_Handler
 .text.HardFault_Handler
                0x0000000008000ab2        0x6 Core/Src/stm32f7xx_it.o
                0x0000000008000ab2                HardFault_Handler
 .text.MemManage_Handler
                0x0000000008000ab8        0x6 Core/Src/stm32f7xx_it.o
                0x0000000008000ab8                MemManage_Handler
 .text.BusFault_Handler
                0x0000000008000abe        0x6 Core/Src/stm32f7xx_it.o
                0x0000000008000abe                BusFault_Handler
 .text.UsageFault_Handler
                0x0000000008000ac4        0x6 Core/Src/stm32f7xx_it.o
                0x0000000008000ac4                UsageFault_Handler
 .text.SVC_Handler
                0x0000000008000aca        0xe Core/Src/stm32f7xx_it.o
                0x0000000008000aca                SVC_Handler
 .text.DebugMon_Handler
                0x0000000008000ad8        0xe Core/Src/stm32f7xx_it.o
                0x0000000008000ad8                DebugMon_Handler
 .text.PendSV_Handler
                0x0000000008000ae6        0xe Core/Src/stm32f7xx_it.o
                0x0000000008000ae6                PendSV_Handler
 .text.SysTick_Handler
                0x0000000008000af4        0xc Core/Src/stm32f7xx_it.o
                0x0000000008000af4                SysTick_Handler
 .text.EXTI15_10_IRQHandler
                0x0000000008000b00       0x10 Core/Src/stm32f7xx_it.o
                0x0000000008000b00                EXTI15_10_IRQHandler
 .text.SystemInit
                0x0000000008000b10       0x6c Core/Src/system_stm32f7xx.o
                0x0000000008000b10                SystemInit
 .text.Reset_Handler
                0x0000000008000b7c       0x50 Core/Startup/startup_stm32f767zitx.o
                0x0000000008000b7c                Reset_Handler
 .text.Default_Handler
                0x0000000008000bcc        0x2 Core/Startup/startup_stm32f767zitx.o
                0x0000000008000bcc                RTC_Alarm_IRQHandler
                0x0000000008000bcc                EXTI2_IRQHandler
                0x0000000008000bcc                TIM8_CC_IRQHandler
                0x0000000008000bcc                UART8_IRQHandler
                0x0000000008000bcc                SPI4_IRQHandler
                0x0000000008000bcc                TIM1_CC_IRQHandler
                0x0000000008000bcc                DMA2_Stream5_IRQHandler
                0x0000000008000bcc                JPEG_IRQHandler
                0x0000000008000bcc                DMA1_Stream5_IRQHandler
                0x0000000008000bcc                CAN3_RX1_IRQHandler
                0x0000000008000bcc                PVD_IRQHandler
                0x0000000008000bcc                TAMP_STAMP_IRQHandler
                0x0000000008000bcc                CAN2_RX1_IRQHandler
                0x0000000008000bcc                EXTI3_IRQHandler
                0x0000000008000bcc                TIM8_TRG_COM_TIM14_IRQHandler
                0x0000000008000bcc                DFSDM1_FLT1_IRQHandler
                0x0000000008000bcc                TIM1_UP_TIM10_IRQHandler
                0x0000000008000bcc                TIM8_UP_TIM13_IRQHandler
                0x0000000008000bcc                I2C3_ER_IRQHandler
                0x0000000008000bcc                DFSDM1_FLT2_IRQHandler
                0x0000000008000bcc                EXTI0_IRQHandler
                0x0000000008000bcc                I2C2_EV_IRQHandler
                0x0000000008000bcc                DMA1_Stream2_IRQHandler
                0x0000000008000bcc                CAN1_RX0_IRQHandler
                0x0000000008000bcc                FPU_IRQHandler
                0x0000000008000bcc                OTG_HS_WKUP_IRQHandler
                0x0000000008000bcc                CAN3_SCE_IRQHandler
                0x0000000008000bcc                LTDC_ER_IRQHandler
                0x0000000008000bcc                CAN2_SCE_IRQHandler
                0x0000000008000bcc                DMA2_Stream2_IRQHandler
                0x0000000008000bcc                SPI1_IRQHandler
                0x0000000008000bcc                TIM6_DAC_IRQHandler
                0x0000000008000bcc                TIM1_BRK_TIM9_IRQHandler
                0x0000000008000bcc                DCMI_IRQHandler
                0x0000000008000bcc                CAN2_RX0_IRQHandler
                0x0000000008000bcc                DMA2_Stream3_IRQHandler
                0x0000000008000bcc                SAI2_IRQHandler
                0x0000000008000bcc                DFSDM1_FLT3_IRQHandler
                0x0000000008000bcc                USART6_IRQHandler
                0x0000000008000bcc                CAN3_RX0_IRQHandler
                0x0000000008000bcc                USART3_IRQHandler
                0x0000000008000bcc                CAN1_RX1_IRQHandler
                0x0000000008000bcc                UART5_IRQHandler
                0x0000000008000bcc                DMA2_Stream0_IRQHandler
                0x0000000008000bcc                TIM4_IRQHandler
                0x0000000008000bcc                QUADSPI_IRQHandler
                0x0000000008000bcc                I2C1_EV_IRQHandler
                0x0000000008000bcc                DMA1_Stream6_IRQHandler
                0x0000000008000bcc                DMA1_Stream1_IRQHandler
                0x0000000008000bcc                UART4_IRQHandler
                0x0000000008000bcc                TIM3_IRQHandler
                0x0000000008000bcc                RCC_IRQHandler
                0x0000000008000bcc                TIM8_BRK_TIM12_IRQHandler
                0x0000000008000bcc                Default_Handler
                0x0000000008000bcc                CEC_IRQHandler
                0x0000000008000bcc                ADC_IRQHandler
                0x0000000008000bcc                DMA1_Stream7_IRQHandler
                0x0000000008000bcc                SPI5_IRQHandler
                0x0000000008000bcc                TIM7_IRQHandler
                0x0000000008000bcc                SDMMC1_IRQHandler
                0x0000000008000bcc                CAN2_TX_IRQHandler
                0x0000000008000bcc                TIM5_IRQHandler
                0x0000000008000bcc                DMA2_Stream7_IRQHandler
                0x0000000008000bcc                I2C3_EV_IRQHandler
                0x0000000008000bcc                EXTI9_5_IRQHandler
                0x0000000008000bcc                RTC_WKUP_IRQHandler
                0x0000000008000bcc                LTDC_IRQHandler
                0x0000000008000bcc                ETH_WKUP_IRQHandler
                0x0000000008000bcc                SPDIF_RX_IRQHandler
                0x0000000008000bcc                SPI2_IRQHandler
                0x0000000008000bcc                OTG_HS_EP1_IN_IRQHandler
                0x0000000008000bcc                DMA1_Stream0_IRQHandler
                0x0000000008000bcc                CAN1_TX_IRQHandler
                0x0000000008000bcc                EXTI4_IRQHandler
                0x0000000008000bcc                RNG_IRQHandler
                0x0000000008000bcc                ETH_IRQHandler
                0x0000000008000bcc                OTG_HS_EP1_OUT_IRQHandler
                0x0000000008000bcc                WWDG_IRQHandler
                0x0000000008000bcc                SPI6_IRQHandler
                0x0000000008000bcc                MDIOS_IRQHandler
                0x0000000008000bcc                I2C4_EV_IRQHandler
                0x0000000008000bcc                CAN3_TX_IRQHandler
                0x0000000008000bcc                TIM2_IRQHandler
                0x0000000008000bcc                OTG_FS_WKUP_IRQHandler
                0x0000000008000bcc                TIM1_TRG_COM_TIM11_IRQHandler
                0x0000000008000bcc                OTG_HS_IRQHandler
                0x0000000008000bcc                DMA2D_IRQHandler
                0x0000000008000bcc                EXTI1_IRQHandler
                0x0000000008000bcc                SDMMC2_IRQHandler
                0x0000000008000bcc                UART7_IRQHandler
                0x0000000008000bcc                USART2_IRQHandler
                0x0000000008000bcc                DFSDM1_FLT0_IRQHandler
                0x0000000008000bcc                I2C2_ER_IRQHandler
                0x0000000008000bcc                DMA2_Stream1_IRQHandler
                0x0000000008000bcc                CAN1_SCE_IRQHandler
                0x0000000008000bcc                FLASH_IRQHandler
                0x0000000008000bcc                DMA2_Stream4_IRQHandler
                0x0000000008000bcc                USART1_IRQHandler
                0x0000000008000bcc                OTG_FS_IRQHandler
                0x0000000008000bcc                SPI3_IRQHandler
                0x0000000008000bcc                DMA1_Stream4_IRQHandler
                0x0000000008000bcc                I2C1_ER_IRQHandler
                0x0000000008000bcc                FMC_IRQHandler
                0x0000000008000bcc                LPTIM1_IRQHandler
                0x0000000008000bcc                I2C4_ER_IRQHandler
                0x0000000008000bcc                DMA2_Stream6_IRQHandler
                0x0000000008000bcc                SAI1_IRQHandler
                0x0000000008000bcc                DMA1_Stream3_IRQHandler
 .text.HAL_Init
                0x0000000008000bce       0x1a Drivers/STM32F7xx_HAL_Driver/Src/stm32f7xx_hal.o
                0x0000000008000bce                HAL_Init
 .text.HAL_InitTick
                0x0000000008000be8       0x60 Drivers/STM32F7xx_HAL_Driver/Src/stm32f7xx_hal.o
                0x0000000008000be8                HAL_InitTick
 .text.HAL_IncTick
                0x0000000008000c48       0x28 Drivers/STM32F7xx_HAL_Driver/Src/stm32f7xx_hal.o
                0x0000000008000c48                HAL_IncTick
 .text.HAL_GetTick
                0x0000000008000c70       0x18 Drivers/STM32F7xx_HAL_Driver/Src/stm32f7xx_hal.o
                0x0000000008000c70                HAL_GetTick
 .text.HAL_Delay
                0x0000000008000c88       0x44 Drivers/STM32F7xx_HAL_Driver/Src/stm32f7xx_hal.o
                0x0000000008000c88                HAL_Delay
 .text.__NVIC_SetPriorityGrouping
                0x0000000008000ccc       0x48 Drivers/STM32F7xx_HAL_Driver/Src/stm32f7xx_hal_cortex.o
 .text.__NVIC_GetPriorityGrouping
                0x0000000008000d14       0x1c Drivers/STM32F7xx_HAL_Driver/Src/stm32f7xx_hal_cortex.o
 .text.__NVIC_EnableIRQ
                0x0000000008000d30       0x3c Drivers/STM32F7xx_HAL_Driver/Src/stm32f7xx_hal_cortex.o
 .text.__NVIC_SetPriority
                0x0000000008000d6c       0x54 Drivers/STM32F7xx_HAL_Driver/Src/stm32f7xx_hal_cortex.o
 .text.NVIC_EncodePriority
                0x0000000008000dc0       0x66 Drivers/STM32F7xx_HAL_Driver/Src/stm32f7xx_hal_cortex.o
 *fill*         0x0000000008000e26        0x2 
 .text.SysTick_Config
                0x0000000008000e28       0x44 Drivers/STM32F7xx_HAL_Driver/Src/stm32f7xx_hal_cortex.o
 .text.HAL_NVIC_SetPriorityGrouping
                0x0000000008000e6c       0x16 Drivers/STM32F7xx_HAL_Driver/Src/stm32f7xx_hal_cortex.o
                0x0000000008000e6c                HAL_NVIC_SetPriorityGrouping
 .text.HAL_NVIC_SetPriority
                0x0000000008000e82       0x38 Drivers/STM32F7xx_HAL_Driver/Src/stm32f7xx_hal_cortex.o
                0x0000000008000e82                HAL_NVIC_SetPriority
 .text.HAL_NVIC_EnableIRQ
                0x0000000008000eba       0x1c Drivers/STM32F7xx_HAL_Driver/Src/stm32f7xx_hal_cortex.o
                0x0000000008000eba                HAL_NVIC_EnableIRQ
 .text.HAL_SYSTICK_Config
                0x0000000008000ed6       0x18 Drivers/STM32F7xx_HAL_Driver/Src/stm32f7xx_hal_cortex.o
                0x0000000008000ed6                HAL_SYSTICK_Config
 *fill*         0x0000000008000eee        0x2 
 .text.HAL_GPIO_Init
                0x0000000008000ef0      0x354 Drivers/STM32F7xx_HAL_Driver/Src/stm32f7xx_hal_gpio.o
                0x0000000008000ef0                HAL_GPIO_Init
 .text.HAL_GPIO_EXTI_IRQHandler
                0x0000000008001244       0x30 Drivers/STM32F7xx_HAL_Driver/Src/stm32f7xx_hal_gpio.o
                0x0000000008001244                HAL_GPIO_EXTI_IRQHandler
 .text.HAL_RCC_OscConfig
                0x0000000008001274      0x4e4 Drivers/STM32F7xx_HAL_Driver/Src/stm32f7xx_hal_rcc.o
                0x0000000008001274                HAL_RCC_OscConfig
 .text.HAL_RCC_ClockConfig
                0x0000000008001758      0x1d0 Drivers/STM32F7xx_HAL_Driver/Src/stm32f7xx_hal_rcc.o
                0x0000000008001758                HAL_RCC_ClockConfig
 .text.HAL_RCC_GetSysClockFreq
                0x0000000008001928      0x1b0 Drivers/STM32F7xx_HAL_Driver/Src/stm32f7xx_hal_rcc.o
                0x0000000008001928                HAL_RCC_GetSysClockFreq
 .text.HAL_TIM_Base_Init
                0x0000000008001ad8       0x56 Drivers/STM32F7xx_HAL_Driver/Src/stm32f7xx_hal_tim.o
                0x0000000008001ad8                HAL_TIM_Base_Init
 .text.HAL_TIM_PWM_Init
                0x0000000008001b2e       0x56 Drivers/STM32F7xx_HAL_Driver/Src/stm32f7xx_hal_tim.o
                0x0000000008001b2e                HAL_TIM_PWM_Init
 .text.HAL_TIM_PWM_MspInit
                0x0000000008001b84       0x14 Drivers/STM32F7xx_HAL_Driver/Src/stm32f7xx_hal_tim.o
                0x0000000008001b84                HAL_TIM_PWM_MspInit
 .text.HAL_TIM_PWM_Start
                0x0000000008001b98       0x88 Drivers/STM32F7xx_HAL_Driver/Src/stm32f7xx_hal_tim.o
                0x0000000008001b98                HAL_TIM_PWM_Start
 .text.HAL_TIM_PWM_ConfigChannel
                0x0000000008001c20      0x230 Drivers/STM32F7xx_HAL_Driver/Src/stm32f7xx_hal_tim.o
                0x0000000008001c20                HAL_TIM_PWM_ConfigChannel
 .text.HAL_TIM_ConfigClockSource
                0x0000000008001e50      0x174 Drivers/STM32F7xx_HAL_Driver/Src/stm32f7xx_hal_tim.o
                0x0000000008001e50                HAL_TIM_ConfigClockSource
 .text.TIM_Base_SetConfig
                0x0000000008001fc4      0x140 Drivers/STM32F7xx_HAL_Driver/Src/stm32f7xx_hal_tim.o
                0x0000000008001fc4                TIM_Base_SetConfig
 .text.TIM_OC1_SetConfig
                0x0000000008002104       0xe4 Drivers/STM32F7xx_HAL_Driver/Src/stm32f7xx_hal_tim.o
 .text.TIM_OC2_SetConfig
                0x00000000080021e8       0xf0 Drivers/STM32F7xx_HAL_Driver/Src/stm32f7xx_hal_tim.o
                0x00000000080021e8                TIM_OC2_SetConfig
 .text.TIM_OC3_SetConfig
                0x00000000080022d8       0xec Drivers/STM32F7xx_HAL_Driver/Src/stm32f7xx_hal_tim.o
 .text.TIM_OC4_SetConfig
                0x00000000080023c4       0xb0 Drivers/STM32F7xx_HAL_Driver/Src/stm32f7xx_hal_tim.o
 .text.TIM_OC5_SetConfig
                0x0000000008002474       0xa4 Drivers/STM32F7xx_HAL_Driver/Src/stm32f7xx_hal_tim.o
 .text.TIM_OC6_SetConfig
                0x0000000008002518       0xa8 Drivers/STM32F7xx_HAL_Driver/Src/stm32f7xx_hal_tim.o
 .text.TIM_TI1_ConfigInputStage
                0x00000000080025c0       0x5e Drivers/STM32F7xx_HAL_Driver/Src/stm32f7xx_hal_tim.o
 .text.TIM_TI2_ConfigInputStage
                0x000000000800261e       0x60 Drivers/STM32F7xx_HAL_Driver/Src/stm32f7xx_hal_tim.o
 .text.TIM_ITRx_SetConfig
                0x000000000800267e       0x36 Drivers/STM32F7xx_HAL_Driver/Src/stm32f7xx_hal_tim.o
 .text.TIM_ETR_SetConfig
                0x00000000080026b4       0x40 Drivers/STM32F7xx_HAL_Driver/Src/stm32f7xx_hal_tim.o
                0x00000000080026b4                TIM_ETR_SetConfig
 .text.TIM_CCxChannelCmd
                0x00000000080026f4       0x4a Drivers/STM32F7xx_HAL_Driver/Src/stm32f7xx_hal_tim.o
                0x00000000080026f4                TIM_CCxChannelCmd
 *fill*         0x000000000800273e        0x2 
 .text.HAL_TIMEx_MasterConfigSynchronization
                0x0000000008002740       0xb8 Drivers/STM32F7xx_HAL_Driver/Src/stm32f7xx_hal_tim_ex.o
                0x0000000008002740                HAL_TIMEx_MasterConfigSynchronization
 .text.__libc_init_array
                0x00000000080027f8       0x48 d:/st/stm32cubeide_1.2.0/stm32cubeide/plugins/com.st.stm32cube.ide.mcu.externaltools.gnu-tools-for-stm32.7-2018-q2-update.win32_1.5.0.202011040924/tools/bin/../lib/gcc/arm-none-eabi/7.3.1/../../../../arm-none-eabi/lib/thumb/v7e-m/fpv5/hard\libc_nano.a(lib_a-init.o)
                0x00000000080027f8                __libc_init_array
 .text.memset   0x0000000008002840       0x10 d:/st/stm32cubeide_1.2.0/stm32cubeide/plugins/com.st.stm32cube.ide.mcu.externaltools.gnu-tools-for-stm32.7-2018-q2-update.win32_1.5.0.202011040924/tools/bin/../lib/gcc/arm-none-eabi/7.3.1/../../../../arm-none-eabi/lib/thumb/v7e-m/fpv5/hard\libc_nano.a(lib_a-memset.o)
                0x0000000008002840                memset
 *(.glue_7)
 .glue_7        0x0000000008002850        0x0 linker stubs
 *(.glue_7t)
 .glue_7t       0x0000000008002850        0x0 linker stubs
 *(.eh_frame)
 .eh_frame      0x0000000008002850        0x0 d:/st/stm32cubeide_1.2.0/stm32cubeide/plugins/com.st.stm32cube.ide.mcu.externaltools.gnu-tools-for-stm32.7-2018-q2-update.win32_1.5.0.202011040924/tools/bin/../lib/gcc/arm-none-eabi/7.3.1/thumb/v7e-m/fpv5/hard/crtbegin.o
 *(.init)
 .init          0x0000000008002850        0x4 d:/st/stm32cubeide_1.2.0/stm32cubeide/plugins/com.st.stm32cube.ide.mcu.externaltools.gnu-tools-for-stm32.7-2018-q2-update.win32_1.5.0.202011040924/tools/bin/../lib/gcc/arm-none-eabi/7.3.1/thumb/v7e-m/fpv5/hard/crti.o
                0x0000000008002850                _init
 .init          0x0000000008002854        0x8 d:/st/stm32cubeide_1.2.0/stm32cubeide/plugins/com.st.stm32cube.ide.mcu.externaltools.gnu-tools-for-stm32.7-2018-q2-update.win32_1.5.0.202011040924/tools/bin/../lib/gcc/arm-none-eabi/7.3.1/thumb/v7e-m/fpv5/hard/crtn.o
 *(.fini)
 .fini          0x000000000800285c        0x4 d:/st/stm32cubeide_1.2.0/stm32cubeide/plugins/com.st.stm32cube.ide.mcu.externaltools.gnu-tools-for-stm32.7-2018-q2-update.win32_1.5.0.202011040924/tools/bin/../lib/gcc/arm-none-eabi/7.3.1/thumb/v7e-m/fpv5/hard/crti.o
                0x000000000800285c                _fini
 .fini          0x0000000008002860        0x8 d:/st/stm32cubeide_1.2.0/stm32cubeide/plugins/com.st.stm32cube.ide.mcu.externaltools.gnu-tools-for-stm32.7-2018-q2-update.win32_1.5.0.202011040924/tools/bin/../lib/gcc/arm-none-eabi/7.3.1/thumb/v7e-m/fpv5/hard/crtn.o
                0x0000000008002868                . = ALIGN (0x4)
                0x0000000008002868                _etext = .

.vfp11_veneer   0x0000000008002868        0x0
 .vfp11_veneer  0x0000000008002868        0x0 linker stubs

.v4_bx          0x0000000008002868        0x0
 .v4_bx         0x0000000008002868        0x0 linker stubs

.iplt           0x0000000008002868        0x0
 .iplt          0x0000000008002868        0x0 d:/st/stm32cubeide_1.2.0/stm32cubeide/plugins/com.st.stm32cube.ide.mcu.externaltools.gnu-tools-for-stm32.7-2018-q2-update.win32_1.5.0.202011040924/tools/bin/../lib/gcc/arm-none-eabi/7.3.1/thumb/v7e-m/fpv5/hard/crtbegin.o

.rodata         0x0000000008002868       0x10
                0x0000000008002868                . = ALIGN (0x4)
 *(.rodata)
 *(.rodata*)
 .rodata.AHBPrescTable
                0x0000000008002868       0x10 Core/Src/system_stm32f7xx.o
                0x0000000008002868                AHBPrescTable
                0x0000000008002878                . = ALIGN (0x4)

.ARM.extab      0x0000000008002878        0x0
                0x0000000008002878                . = ALIGN (0x4)
 *(.ARM.extab* .gnu.linkonce.armextab.*)
                0x0000000008002878                . = ALIGN (0x4)

.ARM            0x0000000008002878        0x8
                0x0000000008002878                . = ALIGN (0x4)
                0x0000000008002878                __exidx_start = .
 *(.ARM.exidx*)
 .ARM.exidx     0x0000000008002878        0x8 d:/st/stm32cubeide_1.2.0/stm32cubeide/plugins/com.st.stm32cube.ide.mcu.externaltools.gnu-tools-for-stm32.7-2018-q2-update.win32_1.5.0.202011040924/tools/bin/../lib/gcc/arm-none-eabi/7.3.1/thumb/v7e-m/fpv5/hard\libgcc.a(_udivmoddi4.o)
                0x0000000008002880                __exidx_end = .
                0x0000000008002880                . = ALIGN (0x4)

.rel.dyn        0x0000000008002880        0x0
 .rel.iplt      0x0000000008002880        0x0 d:/st/stm32cubeide_1.2.0/stm32cubeide/plugins/com.st.stm32cube.ide.mcu.externaltools.gnu-tools-for-stm32.7-2018-q2-update.win32_1.5.0.202011040924/tools/bin/../lib/gcc/arm-none-eabi/7.3.1/thumb/v7e-m/fpv5/hard/crtbegin.o

.preinit_array  0x0000000008002880        0x0
                0x0000000008002880                . = ALIGN (0x4)
                0x0000000008002880                PROVIDE (__preinit_array_start = .)
 *(.preinit_array*)
                0x0000000008002880                PROVIDE (__preinit_array_end = .)
                0x0000000008002880                . = ALIGN (0x4)

.init_array     0x0000000008002880        0x4
                0x0000000008002880                . = ALIGN (0x4)
                0x0000000008002880                PROVIDE (__init_array_start = .)
 *(SORT_BY_NAME(.init_array.*))
 *(.init_array*)
 .init_array    0x0000000008002880        0x4 d:/st/stm32cubeide_1.2.0/stm32cubeide/plugins/com.st.stm32cube.ide.mcu.externaltools.gnu-tools-for-stm32.7-2018-q2-update.win32_1.5.0.202011040924/tools/bin/../lib/gcc/arm-none-eabi/7.3.1/thumb/v7e-m/fpv5/hard/crtbegin.o
                0x0000000008002884                PROVIDE (__init_array_end = .)
                0x0000000008002884                . = ALIGN (0x4)

.fini_array     0x0000000008002884        0x4
                0x0000000008002884                . = ALIGN (0x4)
                [!provide]                        PROVIDE (__fini_array_start = .)
 *(SORT_BY_NAME(.fini_array.*))
 *(.fini_array*)
 .fini_array    0x0000000008002884        0x4 d:/st/stm32cubeide_1.2.0/stm32cubeide/plugins/com.st.stm32cube.ide.mcu.externaltools.gnu-tools-for-stm32.7-2018-q2-update.win32_1.5.0.202011040924/tools/bin/../lib/gcc/arm-none-eabi/7.3.1/thumb/v7e-m/fpv5/hard/crtbegin.o
                [!provide]                        PROVIDE (__fini_array_end = .)
                0x0000000008002888                . = ALIGN (0x4)
                0x0000000008002888                _sidata = LOADADDR (.data)

.data           0x0000000020000000        0xc load address 0x0000000008002888
                0x0000000020000000                . = ALIGN (0x4)
                0x0000000020000000                _sdata = .
 *(.data)
 *(.data*)
 .data.SystemCoreClock
                0x0000000020000000        0x4 Core/Src/system_stm32f7xx.o
                0x0000000020000000                SystemCoreClock
 .data.uwTickPrio
                0x0000000020000004        0x4 Drivers/STM32F7xx_HAL_Driver/Src/stm32f7xx_hal.o
                0x0000000020000004                uwTickPrio
 .data.uwTickFreq
                0x0000000020000008        0x1 Drivers/STM32F7xx_HAL_Driver/Src/stm32f7xx_hal.o
                0x0000000020000008                uwTickFreq
                0x000000002000000c                . = ALIGN (0x4)
 *fill*         0x0000000020000009        0x3 
                0x000000002000000c                _edata = .

.igot.plt       0x000000002000000c        0x0 load address 0x0000000008002894
 .igot.plt      0x000000002000000c        0x0 d:/st/stm32cubeide_1.2.0/stm32cubeide/plugins/com.st.stm32cube.ide.mcu.externaltools.gnu-tools-for-stm32.7-2018-q2-update.win32_1.5.0.202011040924/tools/bin/../lib/gcc/arm-none-eabi/7.3.1/thumb/v7e-m/fpv5/hard/crtbegin.o
                0x000000002000000c                . = ALIGN (0x4)

.bss            0x000000002000000c       0xa4 load address 0x0000000008002894
                0x000000002000000c                _sbss = .
                0x000000002000000c                __bss_start__ = _sbss
 *(.bss)
 .bss           0x000000002000000c       0x1c d:/st/stm32cubeide_1.2.0/stm32cubeide/plugins/com.st.stm32cube.ide.mcu.externaltools.gnu-tools-for-stm32.7-2018-q2-update.win32_1.5.0.202011040924/tools/bin/../lib/gcc/arm-none-eabi/7.3.1/thumb/v7e-m/fpv5/hard/crtbegin.o
 *(.bss*)
 .bss.duty_cycle
                0x0000000020000028        0x4 Core/Src/main.o
                0x0000000020000028                duty_cycle
 *(COMMON)
 COMMON         0x000000002000002c       0x80 Core/Src/main.o
                0x000000002000002c                htim4
                0x000000002000006c                htim3
 COMMON         0x00000000200000ac        0x4 Drivers/STM32F7xx_HAL_Driver/Src/stm32f7xx_hal.o
                0x00000000200000ac                uwTick
                0x00000000200000b0                . = ALIGN (0x4)
                0x00000000200000b0                _ebss = .
                0x00000000200000b0                __bss_end__ = _ebss

._user_heap_stack
                0x00000000200000b0      0x600 load address 0x0000000008002894
                0x00000000200000b0                . = ALIGN (0x8)
                [!provide]                        PROVIDE (end = .)
                0x00000000200000b0                PROVIDE (_end = .)
                0x00000000200002b0                . = (. + _Min_Heap_Size)
 *fill*         0x00000000200000b0      0x200 
                0x00000000200006b0                . = (. + _Min_Stack_Size)
 *fill*         0x00000000200002b0      0x400 
                0x00000000200006b0                . = ALIGN (0x8)

/DISCARD/
 libc.a(*)
 libm.a(*)
 libgcc.a(*)

.ARM.attributes
                0x0000000000000000       0x2e
 *(.ARM.attributes)
 .ARM.attributes
                0x0000000000000000       0x20 d:/st/stm32cubeide_1.2.0/stm32cubeide/plugins/com.st.stm32cube.ide.mcu.externaltools.gnu-tools-for-stm32.7-2018-q2-update.win32_1.5.0.202011040924/tools/bin/../lib/gcc/arm-none-eabi/7.3.1/thumb/v7e-m/fpv5/hard/crti.o
 .ARM.attributes
                0x0000000000000020       0x32 d:/st/stm32cubeide_1.2.0/stm32cubeide/plugins/com.st.stm32cube.ide.mcu.externaltools.gnu-tools-for-stm32.7-2018-q2-update.win32_1.5.0.202011040924/tools/bin/../lib/gcc/arm-none-eabi/7.3.1/thumb/v7e-m/fpv5/hard/crtbegin.o
 .ARM.attributes
                0x0000000000000052       0x37 Core/Src/main.o
 .ARM.attributes
                0x0000000000000089       0x37 Core/Src/stm32f7xx_hal_msp.o
 .ARM.attributes
                0x00000000000000c0       0x37 Core/Src/stm32f7xx_it.o
 .ARM.attributes
                0x00000000000000f7       0x37 Core/Src/system_stm32f7xx.o
 .ARM.attributes
                0x000000000000012e       0x21 Core/Startup/startup_stm32f767zitx.o
 .ARM.attributes
                0x000000000000014f       0x37 Drivers/STM32F7xx_HAL_Driver/Src/stm32f7xx_hal.o
 .ARM.attributes
                0x0000000000000186       0x37 Drivers/STM32F7xx_HAL_Driver/Src/stm32f7xx_hal_cortex.o
 .ARM.attributes
                0x00000000000001bd       0x37 Drivers/STM32F7xx_HAL_Driver/Src/stm32f7xx_hal_gpio.o
 .ARM.attributes
                0x00000000000001f4       0x37 Drivers/STM32F7xx_HAL_Driver/Src/stm32f7xx_hal_rcc.o
 .ARM.attributes
                0x000000000000022b       0x37 Drivers/STM32F7xx_HAL_Driver/Src/stm32f7xx_hal_tim.o
 .ARM.attributes
                0x0000000000000262       0x37 Drivers/STM32F7xx_HAL_Driver/Src/stm32f7xx_hal_tim_ex.o
 .ARM.attributes
                0x0000000000000299       0x32 d:/st/stm32cubeide_1.2.0/stm32cubeide/plugins/com.st.stm32cube.ide.mcu.externaltools.gnu-tools-for-stm32.7-2018-q2-update.win32_1.5.0.202011040924/tools/bin/../lib/gcc/arm-none-eabi/7.3.1/../../../../arm-none-eabi/lib/thumb/v7e-m/fpv5/hard\libc_nano.a(lib_a-init.o)
 .ARM.attributes
                0x00000000000002cb       0x32 d:/st/stm32cubeide_1.2.0/stm32cubeide/plugins/com.st.stm32cube.ide.mcu.externaltools.gnu-tools-for-stm32.7-2018-q2-update.win32_1.5.0.202011040924/tools/bin/../lib/gcc/arm-none-eabi/7.3.1/../../../../arm-none-eabi/lib/thumb/v7e-m/fpv5/hard\libc_nano.a(lib_a-memset.o)
 .ARM.attributes
                0x00000000000002fd       0x20 d:/st/stm32cubeide_1.2.0/stm32cubeide/plugins/com.st.stm32cube.ide.mcu.externaltools.gnu-tools-for-stm32.7-2018-q2-update.win32_1.5.0.202011040924/tools/bin/../lib/gcc/arm-none-eabi/7.3.1/thumb/v7e-m/fpv5/hard\libgcc.a(_aeabi_uldivmod.o)
 .ARM.attributes
                0x000000000000031d       0x32 d:/st/stm32cubeide_1.2.0/stm32cubeide/plugins/com.st.stm32cube.ide.mcu.externaltools.gnu-tools-for-stm32.7-2018-q2-update.win32_1.5.0.202011040924/tools/bin/../lib/gcc/arm-none-eabi/7.3.1/thumb/v7e-m/fpv5/hard\libgcc.a(_udivmoddi4.o)
 .ARM.attributes
                0x000000000000034f       0x20 d:/st/stm32cubeide_1.2.0/stm32cubeide/plugins/com.st.stm32cube.ide.mcu.externaltools.gnu-tools-for-stm32.7-2018-q2-update.win32_1.5.0.202011040924/tools/bin/../lib/gcc/arm-none-eabi/7.3.1/thumb/v7e-m/fpv5/hard\libgcc.a(_dvmd_tls.o)
 .ARM.attributes
                0x000000000000036f       0x20 d:/st/stm32cubeide_1.2.0/stm32cubeide/plugins/com.st.stm32cube.ide.mcu.externaltools.gnu-tools-for-stm32.7-2018-q2-update.win32_1.5.0.202011040924/tools/bin/../lib/gcc/arm-none-eabi/7.3.1/thumb/v7e-m/fpv5/hard/crtn.o
OUTPUT(Interrupt_Timer_PWM.elf elf32-littlearm)

.debug_info     0x0000000000000000     0x89b2
 .debug_info    0x0000000000000000     0x10a5 Core/Src/main.o
 .debug_info    0x00000000000010a5      0xa89 Core/Src/stm32f7xx_hal_msp.o
 .debug_info    0x0000000000001b2e      0x231 Core/Src/stm32f7xx_it.o
 .debug_info    0x0000000000001d5f      0x73d Core/Src/system_stm32f7xx.o
 .debug_info    0x000000000000249c       0x22 Core/Startup/startup_stm32f767zitx.o
 .debug_info    0x00000000000024be      0xa37 Drivers/STM32F7xx_HAL_Driver/Src/stm32f7xx_hal.o
 .debug_info    0x0000000000002ef5     0x108c Drivers/STM32F7xx_HAL_Driver/Src/stm32f7xx_hal_cortex.o
 .debug_info    0x0000000000003f81      0x7e9 Drivers/STM32F7xx_HAL_Driver/Src/stm32f7xx_hal_gpio.o
 .debug_info    0x000000000000476a      0x987 Drivers/STM32F7xx_HAL_Driver/Src/stm32f7xx_hal_rcc.o
 .debug_info    0x00000000000050f1     0x25ba Drivers/STM32F7xx_HAL_Driver/Src/stm32f7xx_hal_tim.o
 .debug_info    0x00000000000076ab     0x1307 Drivers/STM32F7xx_HAL_Driver/Src/stm32f7xx_hal_tim_ex.o

.debug_abbrev   0x0000000000000000     0x135e
 .debug_abbrev  0x0000000000000000      0x248 Core/Src/main.o
 .debug_abbrev  0x0000000000000248      0x1b7 Core/Src/stm32f7xx_hal_msp.o
 .debug_abbrev  0x00000000000003ff       0xc6 Core/Src/stm32f7xx_it.o
 .debug_abbrev  0x00000000000004c5      0x147 Core/Src/system_stm32f7xx.o
 .debug_abbrev  0x000000000000060c       0x12 Core/Startup/startup_stm32f767zitx.o
 .debug_abbrev  0x000000000000061e      0x1c7 Drivers/STM32F7xx_HAL_Driver/Src/stm32f7xx_hal.o
 .debug_abbrev  0x00000000000007e5      0x2fa Drivers/STM32F7xx_HAL_Driver/Src/stm32f7xx_hal_cortex.o
 .debug_abbrev  0x0000000000000adf      0x1c9 Drivers/STM32F7xx_HAL_Driver/Src/stm32f7xx_hal_gpio.o
 .debug_abbrev  0x0000000000000ca8      0x268 Drivers/STM32F7xx_HAL_Driver/Src/stm32f7xx_hal_rcc.o
 .debug_abbrev  0x0000000000000f10      0x230 Drivers/STM32F7xx_HAL_Driver/Src/stm32f7xx_hal_tim.o
 .debug_abbrev  0x0000000000001140      0x21e Drivers/STM32F7xx_HAL_Driver/Src/stm32f7xx_hal_tim_ex.o

.debug_aranges  0x0000000000000000      0x968
 .debug_aranges
                0x0000000000000000       0x50 Core/Src/main.o
 .debug_aranges
                0x0000000000000050       0x38 Core/Src/stm32f7xx_hal_msp.o
 .debug_aranges
                0x0000000000000088       0x68 Core/Src/stm32f7xx_it.o
 .debug_aranges
                0x00000000000000f0       0x28 Core/Src/system_stm32f7xx.o
 .debug_aranges
                0x0000000000000118       0x28 Core/Startup/startup_stm32f767zitx.o
 .debug_aranges
                0x0000000000000140      0x110 Drivers/STM32F7xx_HAL_Driver/Src/stm32f7xx_hal.o
 .debug_aranges
                0x0000000000000250      0x118 Drivers/STM32F7xx_HAL_Driver/Src/stm32f7xx_hal_cortex.o
 .debug_aranges
                0x0000000000000368       0x58 Drivers/STM32F7xx_HAL_Driver/Src/stm32f7xx_hal_gpio.o
 .debug_aranges
                0x00000000000003c0       0x88 Drivers/STM32F7xx_HAL_Driver/Src/stm32f7xx_hal_rcc.o
 .debug_aranges
                0x0000000000000448      0x3b8 Drivers/STM32F7xx_HAL_Driver/Src/stm32f7xx_hal_tim.o
 .debug_aranges
                0x0000000000000800      0x168 Drivers/STM32F7xx_HAL_Driver/Src/stm32f7xx_hal_tim_ex.o

.debug_ranges   0x0000000000000000      0x8c0
 .debug_ranges  0x0000000000000000       0x40 Core/Src/main.o
 .debug_ranges  0x0000000000000040       0x28 Core/Src/stm32f7xx_hal_msp.o
 .debug_ranges  0x0000000000000068       0x58 Core/Src/stm32f7xx_it.o
 .debug_ranges  0x00000000000000c0       0x18 Core/Src/system_stm32f7xx.o
 .debug_ranges  0x00000000000000d8       0x20 Core/Startup/startup_stm32f767zitx.o
 .debug_ranges  0x00000000000000f8      0x100 Drivers/STM32F7xx_HAL_Driver/Src/stm32f7xx_hal.o
 .debug_ranges  0x00000000000001f8      0x108 Drivers/STM32F7xx_HAL_Driver/Src/stm32f7xx_hal_cortex.o
 .debug_ranges  0x0000000000000300       0x48 Drivers/STM32F7xx_HAL_Driver/Src/stm32f7xx_hal_gpio.o
 .debug_ranges  0x0000000000000348       0x78 Drivers/STM32F7xx_HAL_Driver/Src/stm32f7xx_hal_rcc.o
 .debug_ranges  0x00000000000003c0      0x3a8 Drivers/STM32F7xx_HAL_Driver/Src/stm32f7xx_hal_tim.o
 .debug_ranges  0x0000000000000768      0x158 Drivers/STM32F7xx_HAL_Driver/Src/stm32f7xx_hal_tim_ex.o

.debug_macro    0x0000000000000000    0x25363
 .debug_macro   0x0000000000000000      0x1d9 Core/Src/main.o
 .debug_macro   0x00000000000001d9      0xa66 Core/Src/main.o
 .debug_macro   0x0000000000000c3f      0x183 Core/Src/main.o
 .debug_macro   0x0000000000000dc2       0x2e Core/Src/main.o
 .debug_macro   0x0000000000000df0       0x3b Core/Src/main.o
 .debug_macro   0x0000000000000e2b       0x22 Core/Src/main.o
 .debug_macro   0x0000000000000e4d       0x8e Core/Src/main.o
 .debug_macro   0x0000000000000edb       0x51 Core/Src/main.o
 .debug_macro   0x0000000000000f2c       0xef Core/Src/main.o
 .debug_macro   0x000000000000101b       0x6a Core/Src/main.o
 .debug_macro   0x0000000000001085      0x1df Core/Src/main.o
 .debug_macro   0x0000000000001264       0x1c Core/Src/main.o
 .debug_macro   0x0000000000001280       0x22 Core/Src/main.o
 .debug_macro   0x00000000000012a2       0xdf Core/Src/main.o
 .debug_macro   0x0000000000001381     0x12cd Core/Src/main.o
 .debug_macro   0x000000000000264e      0x11f Core/Src/main.o
 .debug_macro   0x000000000000276d       0x19 Core/Src/main.o
 .debug_macro   0x0000000000002786    0x1a029 Core/Src/main.o
 .debug_macro   0x000000000001c7af       0x43 Core/Src/main.o
 .debug_macro   0x000000000001c7f2     0x363d Core/Src/main.o
 .debug_macro   0x000000000001fe2f      0x174 Core/Src/main.o
 .debug_macro   0x000000000001ffa3       0x61 Core/Src/main.o
 .debug_macro   0x0000000000020004     0x1add Core/Src/main.o
 .debug_macro   0x0000000000021ae1      0x6c4 Core/Src/main.o
 .debug_macro   0x00000000000221a5      0x109 Core/Src/main.o
 .debug_macro   0x00000000000222ae      0x117 Core/Src/main.o
 .debug_macro   0x00000000000223c5      0x26f Core/Src/main.o
 .debug_macro   0x0000000000022634       0x27 Core/Src/main.o
 .debug_macro   0x000000000002265b      0x24f Core/Src/main.o
 .debug_macro   0x00000000000228aa       0x71 Core/Src/main.o
 .debug_macro   0x000000000002291b       0x58 Core/Src/main.o
 .debug_macro   0x0000000000022973      0x236 Core/Src/main.o
 .debug_macro   0x0000000000022ba9      0x14f Core/Src/main.o
 .debug_macro   0x0000000000022cf8      0x3dc Core/Src/main.o
 .debug_macro   0x00000000000230d4       0x12 Core/Src/main.o
 .debug_macro   0x00000000000230e6      0x22c Core/Src/main.o
 .debug_macro   0x0000000000023312       0x61 Core/Src/main.o
 .debug_macro   0x0000000000023373       0xa5 Core/Src/main.o
 .debug_macro   0x0000000000023418      0x12f Core/Src/main.o
 .debug_macro   0x0000000000023547      0x108 Core/Src/main.o
 .debug_macro   0x000000000002364f       0x35 Core/Src/main.o
 .debug_macro   0x0000000000023684      0x9f0 Core/Src/main.o
 .debug_macro   0x0000000000024074       0xa9 Core/Src/main.o
 .debug_macro   0x000000000002411d      0x15c Core/Src/main.o
 .debug_macro   0x0000000000024279      0x1d9 Core/Src/stm32f7xx_hal_msp.o
 .debug_macro   0x0000000000024452      0x1e3 Core/Src/stm32f7xx_it.o
 .debug_macro   0x0000000000024635      0x1d5 Core/Src/system_stm32f7xx.o
 .debug_macro   0x000000000002480a      0x1f3 Drivers/STM32F7xx_HAL_Driver/Src/stm32f7xx_hal.o
 .debug_macro   0x00000000000249fd      0x1cf Drivers/STM32F7xx_HAL_Driver/Src/stm32f7xx_hal_cortex.o
 .debug_macro   0x0000000000024bcc      0x205 Drivers/STM32F7xx_HAL_Driver/Src/stm32f7xx_hal_gpio.o
 .debug_macro   0x0000000000024dd1      0x1f3 Drivers/STM32F7xx_HAL_Driver/Src/stm32f7xx_hal_rcc.o
 .debug_macro   0x0000000000024fc4      0x1d0 Drivers/STM32F7xx_HAL_Driver/Src/stm32f7xx_hal_tim.o
 .debug_macro   0x0000000000025194      0x1cf Drivers/STM32F7xx_HAL_Driver/Src/stm32f7xx_hal_tim_ex.o

.debug_line     0x0000000000000000     0x69f1
 .debug_line    0x0000000000000000      0x797 Core/Src/main.o
 .debug_line    0x0000000000000797      0x714 Core/Src/stm32f7xx_hal_msp.o
 .debug_line    0x0000000000000eab      0x76f Core/Src/stm32f7xx_it.o
 .debug_line    0x000000000000161a      0x6d8 Core/Src/system_stm32f7xx.o
 .debug_line    0x0000000000001cf2       0x86 Core/Startup/startup_stm32f767zitx.o
 .debug_line    0x0000000000001d78      0x902 Drivers/STM32F7xx_HAL_Driver/Src/stm32f7xx_hal.o
 .debug_line    0x000000000000267a      0x9e2 Drivers/STM32F7xx_HAL_Driver/Src/stm32f7xx_hal_cortex.o
 .debug_line    0x000000000000305c      0x8c6 Drivers/STM32F7xx_HAL_Driver/Src/stm32f7xx_hal_gpio.o
 .debug_line    0x0000000000003922      0x954 Drivers/STM32F7xx_HAL_Driver/Src/stm32f7xx_hal_rcc.o
 .debug_line    0x0000000000004276     0x19e6 Drivers/STM32F7xx_HAL_Driver/Src/stm32f7xx_hal_tim.o
 .debug_line    0x0000000000005c5c      0xd95 Drivers/STM32F7xx_HAL_Driver/Src/stm32f7xx_hal_tim_ex.o

.debug_str      0x0000000000000000    0xeb6d1
 .debug_str     0x0000000000000000    0xe953a Core/Src/main.o
                                      0xe9cb4 (size before relaxing)
 .debug_str     0x00000000000e953a       0x7b Core/Src/stm32f7xx_hal_msp.o
                                      0xe93e7 (size before relaxing)
 .debug_str     0x00000000000e95b5       0xd2 Core/Src/stm32f7xx_it.o
                                      0xe8e55 (size before relaxing)
 .debug_str     0x00000000000e9687      0x18d Core/Src/system_stm32f7xx.o
                                      0xe900b (size before relaxing)
 .debug_str     0x00000000000e9814       0x36 Core/Startup/startup_stm32f767zitx.o
                                         0x70 (size before relaxing)
 .debug_str     0x00000000000e984a      0x3ba Drivers/STM32F7xx_HAL_Driver/Src/stm32f7xx_hal.o
                                      0xe9987 (size before relaxing)
 .debug_str     0x00000000000e9c04      0x394 Drivers/STM32F7xx_HAL_Driver/Src/stm32f7xx_hal_cortex.o
                                      0xe9a00 (size before relaxing)
 .debug_str     0x00000000000e9f98      0x245 Drivers/STM32F7xx_HAL_Driver/Src/stm32f7xx_hal_gpio.o
                                      0xe91e1 (size before relaxing)
 .debug_str     0x00000000000ea1dd      0x27b Drivers/STM32F7xx_HAL_Driver/Src/stm32f7xx_hal_rcc.o
                                      0xe9334 (size before relaxing)
 .debug_str     0x00000000000ea458      0xcd7 Drivers/STM32F7xx_HAL_Driver/Src/stm32f7xx_hal_tim.o
                                      0xea097 (size before relaxing)
 .debug_str     0x00000000000eb12f      0x5a2 Drivers/STM32F7xx_HAL_Driver/Src/stm32f7xx_hal_tim_ex.o
                                      0xe99aa (size before relaxing)

.comment        0x0000000000000000       0x7b
 .comment       0x0000000000000000       0x7b Core/Src/main.o
                                         0x7c (size before relaxing)
 .comment       0x000000000000007b       0x7c Core/Src/stm32f7xx_hal_msp.o
 .comment       0x000000000000007b       0x7c Core/Src/stm32f7xx_it.o
 .comment       0x000000000000007b       0x7c Core/Src/system_stm32f7xx.o
 .comment       0x000000000000007b       0x7c Drivers/STM32F7xx_HAL_Driver/Src/stm32f7xx_hal.o
 .comment       0x000000000000007b       0x7c Drivers/STM32F7xx_HAL_Driver/Src/stm32f7xx_hal_cortex.o
 .comment       0x000000000000007b       0x7c Drivers/STM32F7xx_HAL_Driver/Src/stm32f7xx_hal_gpio.o
 .comment       0x000000000000007b       0x7c Drivers/STM32F7xx_HAL_Driver/Src/stm32f7xx_hal_rcc.o
 .comment       0x000000000000007b       0x7c Drivers/STM32F7xx_HAL_Driver/Src/stm32f7xx_hal_tim.o
 .comment       0x000000000000007b       0x7c Drivers/STM32F7xx_HAL_Driver/Src/stm32f7xx_hal_tim_ex.o

.debug_frame    0x0000000000000000     0x2728
 .debug_frame   0x0000000000000000      0x108 Core/Src/main.o
 .debug_frame   0x0000000000000108       0xac Core/Src/stm32f7xx_hal_msp.o
 .debug_frame   0x00000000000001b4      0x128 Core/Src/stm32f7xx_it.o
 .debug_frame   0x00000000000002dc       0x58 Core/Src/system_stm32f7xx.o
 .debug_frame   0x0000000000000334      0x3f4 Drivers/STM32F7xx_HAL_Driver/Src/stm32f7xx_hal.o
 .debug_frame   0x0000000000000728      0x498 Drivers/STM32F7xx_HAL_Driver/Src/stm32f7xx_hal_cortex.o
 .debug_frame   0x0000000000000bc0      0x14c Drivers/STM32F7xx_HAL_Driver/Src/stm32f7xx_hal_gpio.o
 .debug_frame   0x0000000000000d0c      0x1f4 Drivers/STM32F7xx_HAL_Driver/Src/stm32f7xx_hal_rcc.o
 .debug_frame   0x0000000000000f00     0x1144 Drivers/STM32F7xx_HAL_Driver/Src/stm32f7xx_hal_tim.o
 .debug_frame   0x0000000000002044      0x638 Drivers/STM32F7xx_HAL_Driver/Src/stm32f7xx_hal_tim_ex.o
 .debug_frame   0x000000000000267c       0x2c d:/st/stm32cubeide_1.2.0/stm32cubeide/plugins/com.st.stm32cube.ide.mcu.externaltools.gnu-tools-for-stm32.7-2018-q2-update.win32_1.5.0.202011040924/tools/bin/../lib/gcc/arm-none-eabi/7.3.1/../../../../arm-none-eabi/lib/thumb/v7e-m/fpv5/hard\libc_nano.a(lib_a-init.o)
 .debug_frame   0x00000000000026a8       0x20 d:/st/stm32cubeide_1.2.0/stm32cubeide/plugins/com.st.stm32cube.ide.mcu.externaltools.gnu-tools-for-stm32.7-2018-q2-update.win32_1.5.0.202011040924/tools/bin/../lib/gcc/arm-none-eabi/7.3.1/../../../../arm-none-eabi/lib/thumb/v7e-m/fpv5/hard\libc_nano.a(lib_a-memset.o)
 .debug_frame   0x00000000000026c8       0x2c d:/st/stm32cubeide_1.2.0/stm32cubeide/plugins/com.st.stm32cube.ide.mcu.externaltools.gnu-tools-for-stm32.7-2018-q2-update.win32_1.5.0.202011040924/tools/bin/../lib/gcc/arm-none-eabi/7.3.1/thumb/v7e-m/fpv5/hard\libgcc.a(_aeabi_uldivmod.o)
 .debug_frame   0x00000000000026f4       0x34 d:/st/stm32cubeide_1.2.0/stm32cubeide/plugins/com.st.stm32cube.ide.mcu.externaltools.gnu-tools-for-stm32.7-2018-q2-update.win32_1.5.0.202011040924/tools/bin/../lib/gcc/arm-none-eabi/7.3.1/thumb/v7e-m/fpv5/hard\libgcc.a(_udivmoddi4.o)
