23:19:55 **** Incremental Build of configuration Debug for project Interrupt_timer_game ****
make -j12 all 
arm-none-eabi-gcc "../Core/Src/main.c" -mcpu=cortex-m7 -std=gnu11 -g3 -DUSE_HAL_DRIVER -DSTM32F767xx -DDEBUG -c -I../Core/Inc -I../Drivers/STM32F7xx_HAL_Driver/Inc -I../Drivers/STM32F7xx_HAL_Driver/Inc/Legacy -I../Drivers/CMSIS/Device/ST/STM32F7xx/Include -I../Drivers/CMSIS/Include -O0 -ffunction-sections -fdata-sections -Wall -fstack-usage -MMD -MP -MF"Core/Src/main.d" -MT"Core/Src/main.o" --specs=nano.specs -mfpu=fpv5-d16 -mfloat-abi=hard -mthumb -o "Core/Src/main.o"
../Core/Src/main.c: In function 'main':
../Core/Src/main.c:136:17: warning: implicit declaration of function 'rand'; did you mean 'nanl'? [-Wimplicit-function-declaration]
     rndDelay = (rand()%8) + 1;
                 ^~~~
                 nanl
../Core/Src/main.c: In function 'HAL_GPIO_EXTI_Callback':
../Core/Src/main.c:350:24: warning: implicit declaration of function 'sprintf' [-Wimplicit-function-declaration]
    uart_game_buf_len = sprintf(uart_game_buf,"%u us\r\n",gameTime);
                        ^~~~~~~
../Core/Src/main.c:350:24: warning: incompatible implicit declaration of built-in function 'sprintf'
../Core/Src/main.c:350:24: note: include '<stdio.h>' or provide a declaration of 'sprintf'
arm-none-eabi-gcc -o "Interrupt_timer_game.elf" @"objects.list"   -mcpu=cortex-m7 -T"D:\CVUT\Embd\Learn-STM32-Basics\Interrupt_timer_game\STM32F767ZITX_FLASH.ld" --specs=nosys.specs -Wl,-Map="Interrupt_timer_game.map" -Wl,--gc-sections -static --specs=nano.specs -mfpu=fpv5-d16 -mfloat-abi=hard -mthumb -Wl,--start-group -lc -lm -Wl,--end-group
Finished building target: Interrupt_timer_game.elf
 
arm-none-eabi-objdump -h -S  Interrupt_timer_game.elf  > "Interrupt_timer_game.list"
arm-none-eabi-objcopy  -O binary  Interrupt_timer_game.elf  "Interrupt_timer_game.bin"
arm-none-eabi-size   Interrupt_timer_game.elf 
   text	   data	    bss	    dec	    hex	filename
  14964	    140	   1908	  17012	   4274	Interrupt_timer_game.elf
Finished building: default.size.stdout
 
Finished building: Interrupt_timer_game.bin
 
Finished building: Interrupt_timer_game.list
 

23:19:56 Build Finished. 0 errors, 3 warnings. (took 927ms)

