21:51:49 **** Incremental Build of configuration Debug for project Interrupt_Timer_PWM ****
make -j12 all 
arm-none-eabi-gcc "../Core/Src/main.c" -mcpu=cortex-m7 -std=gnu11 -g3 -DUSE_HAL_DRIVER -DSTM32F767xx -DDEBUG -c -I../Core/Inc -I../Drivers/STM32F7xx_HAL_Driver/Inc -I../Drivers/STM32F7xx_HAL_Driver/Inc/Legacy -I../Drivers/CMSIS/Device/ST/STM32F7xx/Include -I../Drivers/CMSIS/Include -O0 -ffunction-sections -fdata-sections -Wall -fstack-usage -MMD -MP -MF"Core/Src/main.d" -MT"Core/Src/main.o" --specs=nano.specs -mfpu=fpv5-d16 -mfloat-abi=hard -mthumb -o "Core/Src/main.o"
arm-none-eabi-gcc -o "Interrupt_Timer_PWM.elf" @"objects.list"   -mcpu=cortex-m7 -T"D:\CVUT\Embd\Learn-STM32-Basics\Interrupt_Timer_PWM\STM32F767ZITX_FLASH.ld" --specs=nosys.specs -Wl,-Map="Interrupt_Timer_PWM.map" -Wl,--gc-sections -static --specs=nano.specs -mfpu=fpv5-d16 -mfloat-abi=hard -mthumb -Wl,--start-group -lc -lm -Wl,--end-group
Finished building target: Interrupt_Timer_PWM.elf
 
arm-none-eabi-objdump -h -S  Interrupt_Timer_PWM.elf  > "Interrupt_Timer_PWM.list"
arm-none-eabi-objcopy  -O binary  Interrupt_Timer_PWM.elf  "Interrupt_Timer_PWM.bin"
arm-none-eabi-size   Interrupt_Timer_PWM.elf 
   text	   data	    bss	    dec	    hex	filename
  10368	     20	   1700	  12088	   2f38	Interrupt_Timer_PWM.elf
Finished building: default.size.stdout
 
Finished building: Interrupt_Timer_PWM.bin
 
Finished building: Interrupt_Timer_PWM.list
 

21:51:50 Build Finished. 0 errors, 0 warnings. (took 811ms)

